{
'file-for-rules:FutureReservedWords.js':[
11,
],
'file-for-rules:S2251.js':[
1,
],
'file-for-rules:S2432.js':[
4,
],
'file-for-rules:S3500.js':[
2,
],
'file-for-rules:S3854.js':[
380,
386,
386,
392,
392,
392,
398,
398,
398,
398,
],
'file-for-rules:S5860.js':[
7,
],
}
