{
'file-for-rules:S1534.js':[
0,
],
'file-for-rules:S2123.js':[
0,
],
'file-for-rules:S2251.js':[
0,
],
'file-for-rules:S2432.js':[
0,
],
'file-for-rules:S3500.js':[
0,
],
'file-for-rules:S3785.js':[
0,
],
'file-for-rules:S3812.js':[
0,
],
'file-for-rules:S3854.js':[
0,
],
'file-for-rules:S4123.js':[
0,
],
'file-for-rules:S5247.js':[
0,
],
'file-for-rules:S5604.js':[
0,
],
'file-for-rules:S5725.js':[
0,
],
'file-for-rules:S5728.js':[
0,
],
'file-for-rules:S5730.js':[
0,
],
'file-for-rules:S5732.js':[
0,
],
'file-for-rules:S5734.js':[
0,
],
'file-for-rules:S5736.js':[
0,
],
'file-for-rules:S5739.js':[
0,
],
'file-for-rules:S5742.js':[
0,
],
'file-for-rules:S5743.js':[
0,
],
'file-for-rules:S5757.js':[
0,
],
'file-for-rules:S5856.js':[
0,
],
'file-for-rules:S5860.js':[
0,
],
'file-for-rules:S6328.js':[
0,
],
'file-for-rules:boundOrAssignedEvalOrArguments.js':[
0,
],
}
