{
'file-for-rules:S1534.js':[
3,
],
'file-for-rules:S3854.js':[
364,
],
'file-for-rules:S5247.js':[
1,
5,
],
'file-for-rules:S5604.js':[
1,
],
'file-for-rules:S5725.js':[
1,
2,
3,
],
'file-for-rules:S5860.js':[
1,
13,
],
}
