{
'file-for-rules:S5860.js':[
7,
7,
8,
15,
],
'file-for-rules:S6328.js':[
4,
],
}
