{
'file-for-rules:S2251.js':[
2,
],
'file-for-rules:S3785.js':[
2,
],
'file-for-rules:S3812.js':[
1,
1,
],
'file-for-rules:S3854.js':[
55,
57,
122,
197,
254,
256,
313,
353,
],
'file-for-rules:S5860.js':[
7,
19,
],
}
