{
'file-for-rules:S3854.js':[
23,
60,
72,
83,
87,
90,
98,
105,
143,
153,
167,
191,
197,
208,
230,
236,
242,
256,
279,
293,
294,
],
'file-for-rules:S5730.js':[
7,
],
'file-for-rules:S5732.js':[
8,
16,
25,
],
'file-for-rules:S5739.js':[
5,
],
'file-for-rules:S5860.js':[
7,
8,
15,
],
}
